Member Creator Full Name added [att_file_name.ext](https://example.com/url) attachment to card [Card Name](https://trello.com/c/cidcidcidcidcidcidcidcid)