Member Creator Full Name added [http://file:///home/user/Downloads/image.png]() attachment to card [Card Name](https://trello.com/c/cidcidcidcidcidcidcidcid)