Member Creator Full Name added checklist **Checklist Name** to card [Card Name](https://trello.com/c/cidcidcidcidcidcidcidcid)