Member Creator Full Name added **Member Full Name** to card [Card Name](https://trello.com/c/cidcidcidcidcidcidcidcid)