Member Creator Full Name added organization **Organization Name** to board [Board One](https://trello.com/board/b1idb1idb1idb1idb1idb1id)