Member Creator Full Name commented on card [Card Name](https://trello.com/c/cidcidcidcidcidcidcidcid) 
>Some data text that has a number of words in it.