Member Creator Full Name commented on card [Card Name](https://trello.com/c/cidcidcidcidcidcidcidcid) 
>Frosty was a â˜ƒ and a very happy one he was.