Member Creator Full Name performed convertToCardFromCheckItem on [Card Name](https://trello.com/c/cidcidcidcidcidcidcidcid)