Member Creator Full Name copied card **Card Source Name** to [Card Name](https://trello.com/c/cidcidcidcidcidcidcidcid)