Member Creator Full Name created card [Card Name](https://trello.com/c/cidcidcidcidcidcidcidcid)