Member Creator Full Name created list **List Name** on board [Board One](https://trello.com/board/b1idb1idb1idb1idb1idb1id)