Member Creator Full Name created board [Board One](https://trello.com/board/b1idb1idb1idb1idb1idb1id)