Member Creator Full Name deleted card from list **List Name** on board [Board One](https://trello.com/board/b1idb1idb1idb1idb1idb1id)