Member Creator Full Name performed deleteAttachmentFromCard on [Card Name](https://trello.com/c/cidcidcidcidcidcidcidcid)