Member Creator Full Name performed makeAdminOfBoard on [Board One](https://trello.com/board/b1idb1idb1idb1idb1idb1id)