Member Creator Full Name moved card [Card Name](https://trello.com/c/cidcidcidcidcidcidcidcid) from **Board One** to **Board Target Name**