Member Creator Full Name performed removeChecklistFromCard on [Card Name](https://trello.com/c/cidcidcidcidcidcidcidcid)