Member Creator Full Name removed **Member Full Name** from card [Card Name](https://trello.com/c/cidcidcidcidcidcidcidcid)