Member Creator Full Name performed updateCard on [Card Name](https://trello.com/c/cidcidcidcidcidcidcidcid)