Member Creator Full Name added due date **2013-11-03T20:23:46.185Z** to card [Card Name](https://trello.com/c/cidcidcidcidcidcidcidcid)