Member Creator Full Name renamed card from **Old Name** to [Card Name](https://trello.com/c/cidcidcidcidcidcidcidcid)