Member Creator Full Name moved card [Card Name](https://trello.com/c/cidcidcidcidcidcidcidcid) from **List Before Name** to **List After Name**