Member Creator Full Name performed updateChecklist on [<unknown name>](<unknown url>)