Member Creator Full Name set **selfJoin** preference to **True** on board [Board One](https://trello.com/board/b1idb1idb1idb1idb1idb1id)