Member Creator Full Name set **voting** preference to **org** on board [Board One](https://trello.com/board/b1idb1idb1idb1idb1idb1id)