Member Creator Full Name set **comments** preference to **org** on board [Board One](https://trello.com/board/b1idb1idb1idb1idb1idb1id)