Member Creator Full Name changed label red to **Board One label name** on board [Board One](https://trello.com/board/b1idb1idb1idb1idb1idb1id)