Member Creator Full Name renamed checklist from **Old Name** to **Checklist Name**