Member Creator Full Name checked  **Check Item Name** on card [Card Name](https://trello.com/c/cidcidcidcidcidcidcidcid)