Member Creator Full Name archived card [Card Name](https://trello.com/c/cidcidcidcidcidcidcidcid)