Member Creator Full Name renamed from **Old Name** to **Board One**