Member Creator Full Name performed updateChecklist on [Board One](https://trello.com/board/b1idb1idb1idb1idb1idb1id)