Member Creator Full Name updated description for card [Card Name](https://trello.com/c/cidcidcidcidcidcidcidcid)